hello world
pass
hello
any
hello
any
true
false
true
true
9
test
0
test
9
test
0
any
99
pass
pass
