AttributeBad.ap:8:25: Expression does not conform to type 'String' in assignment of 'bad_attribute'
AttributeBad.ap:9:9: Local variable declaration shadows attribute
