ch1 => hello
ch2 => world
ch1 => hello
ch2 => world
ch2 => world
ch2 => world
