Module
  name: 
  feature0: Class
    name: Comment
    comment:
      This is a class comment for the current class scope.  It can span
      multiple lines, and all whitespace will be stripped from the beginning of
      the  comment block. 
    feature0: Function
      name: comment1
      type: Void
      comment:
        This is a function comment for the current function scope.  It can
        span multiple lines, and all whitespace will be stripped from the
        beginning of the comment block.
        
        All comments until the end of the function or the first non-comment
        symbol are included. 
      formal0: Formal
        name: self
        type: Comment
      block: Block
        child0: Conditional
          guard: BooleanLiteral(1)
          true: Block
    feature1: Function
      name: comment2
      type: Void
      comment:
        The quick brown fox jumped over the lazy dog. 
      formal0: Formal
        name: self
        type: Comment
      block: Block
    feature2: Attribute
      name: x
      type: String
      initializer: Construct
        type: String
    feature3: Function
      name: @destroy
      type: Void
      formal0: Formal
        name: self
        type: Comment
      block: Block
    feature4: Function
      name: @init
      type: Void
      block: Block
    feature5: Function
      name: x?
      type: String
      formal0: Formal
        name: self
        type: Comment
      block: Block
        child0: Return
          expression: IdentifierRef
            name: x
