TestComp1()
hello
goodbye
42
99
TestComp1()
hello
goodbye
