ControlExprBad.jg:8:17: Argument does not conform to type 'String'
ControlExprBad.jg:10:9: Void value assigned to variable 'x'
ControlExprBad.jg:16:9: Void value assigned to variable 'x'
ControlExprBad.jg:18:17: Can't access attribute of type 'Void'
ControlExprBad.jg:20:17: Can't access attribute of type 'Void'
ControlExprBad.jg:25:17: Can't access attribute of type 'Void'
ControlExprBad.jg:30:17: Argument does not conform to type 'String'
ControlExprBad.jg:36:9: Void value assigned to variable 'x'
ControlExprBad.jg:38:17: Argument does not conform to type 'String'
ControlExprBad.jg:40:9: Void value assigned to variable 'y'
ControlExprBad.jg:42:17: Can't access attribute of type 'Void'
ControlExprBad.jg:44:17: Argument does not conform to type 'String'
