	
 hello, world!
HELLO
 hello!
HELLO
 hello!
"#'`
