GenericsBad.jg:12:5: Expression does not conform to type 'Generic[:a]'
GenericsBad.jg:13:5: Expression does not conform to type 'Generic[:a]'
GenericsBad.jg:14:5: Expression does not conform to type 'Generic[String]'
GenericsBad.jg:16:25: Expression does not conform to type 'Generic[:a]'
GenericsBad.jg:17:25: Expression does not conform to type 'Generic[:a]'
GenericsBad.jg:18:29: Expression does not conform to type 'Generic[String]'
