a => one
b => two
a => Hello
b => Goodbye
1 => Spock
2 => Kirk
3 => Picard
1 => Bilbo
2 => Frodo
