Module
  name: 
  feature0: Class
    name: ImportB
    comment:
    feature0: Function
      name: @destroy
      type: Void
      formal0: Formal
        name: __self
        type: ImportB
      block: Block
    feature1: Function
      name: @init
      type: Void
      block: Block
  feature1: Class
    name: ImportA
    comment:
    feature0: Function
      name: @destroy
      type: Void
      formal0: Formal
        name: __self
        type: ImportA
      block: Block
    feature1: Function
      name: @init
      type: Void
      block: Block
