Module
  name: Import2
  feature0: Class
    name: ImportB
    comment:
  feature1: Import
    file: Import1.ap
    scope: Import1
Module
  name: Import1
  feature0: Class
    name: ImportA
    comment:
  feature1: Import
    file: Import1.ap
    scope: Import1
  feature2: Import
    file: Import2.ap
    scope: Import2
