Module
  name: 
  feature0: Class
    name: Let
    comment:
    feature0: Function
      name: let1
      type: Void
      comment:
      formal0: Formal
        name: self
        type: Self
      block: Block
        child0: Let
          variable0: Assignment
            name: a
            type: Int
            declared: Int
            initializer: IntegerLiteral(0)
          block: Block
    feature1: Function
      name: @destroy
      type: Void
      formal0: Formal
        name: self
        type: Self
      block: Block
    feature2: Function
      name: @init
      type: Void
      block: Block
