ffffffffffffffff
fffffffffffffffe
f
ff
f
ff
f
ff
ffff
ffffffff
ffffffffffffffff
