apple.
orange.
pear.
banana.
strawberry.
apple1.
orange2.
pear3.
banana4.
.
