alloc: 3
alloc: 1
alloc: 2
free: 2
free: 1
alloc: 4
alloc: 5
alloc: 6
alloc: 7
free: 6
free: 7
alloc: 8
alloc: 9
free: 8
free: 9
alloc: 10
free: 10
alloc: 11
free: 11
alloc: 12
free: 12
alloc: 13
alloc: 14
free: 13
alloc: 15
free: 5
free: 14
alloc: 16
alloc: 17
free: 17
free: 16
free: 15
free: 4
free: 3
