1
0.2
3
0.4

1
0.2
3
0.4
5
0.6
7
0.8
9
1
11
1.2
13
1.4
15
1.6
17
1.8
19
2
