0
1
2
3
4
5
6
7
8
9
test_enq_deq1 OK
test_enq_deq2 OK
test_enq_deq3 OK
test_enq_deq4 OK
120
119
test_count OK
three
one
three
two
test_first_last OK
one
two
three
two
three
