the quick brown fox jumps over the lazy dog
the quick brown fox jumps over the lazy dog
1 one 2 two 3 three
true
false
true
false
