Module
  name: 
  feature0: Class
    name: Stringable
    comment:
    feature0: Function
      name: str?
      type: String
      comment:
      formal0: Formal
        name: self
        type: Self
      block: Block
        child0: Return
          expression: StringLiteral
            value: is
  feature1: Function
    name: main
    type: Int
    comment:
    block: Block
      child0: Variable
        name: bob
        type: <<notype>>
        initializer: Dispatch
          name: @add
          argument0: Dispatch
            name: @add
            argument0: StringLiteral
              value: what 
            argument1: Dispatch
              name: str?
              argument0: Construct
                type: Stringable
          argument1: StringLiteral
            value:  up
      child1: Variable
        name: bob
        type: <<notype>>
        initializer: Dispatch
          name: @add
          argument0: Dispatch
            name: @add
            argument0: StringLiteral
              value: what 
            argument1: Dispatch
              name: str?
              argument0: Dispatch
                name: @add
                argument0: Dispatch
                  name: @add
                  argument0: StringLiteral
                    value: what 
                  argument1: Dispatch
                    name: str?
                    argument0: Construct
                      type: Stringable
                argument1: StringLiteral
                  value:  up
          argument1: StringLiteral
            value:  up
      child2: Variable
        name: bob
        type: <<notype>>
        initializer: Dispatch
          name: @add
          argument0: Dispatch
            name: @add
            argument0: StringLiteral
              value: what 
            argument1: Dispatch
              name: str?
              argument0: Construct
                type: Stringable
          argument1: Dispatch
            name: @add
            argument0: Dispatch
              name: @add
              argument0: StringLiteral
                value:  up what 
              argument1: Dispatch
                name: str?
                argument0: Construct
                  type: Stringable
            argument1: StringLiteral
              value:  up
      child3: Return
        expression: IntegerLiteral(0)
