Subtype.jg:6:5: Return must conform to type 'String'
