Module
  name: 
  feature0: Class
    name: Test2
    comment:
    feature0: Function
      name: foo
      type: Void
      comment:
      formal0: Formal
        name: __self
        type: Test2
      block: Block
    feature1: Function
      name: @destroy
      type: Void
      formal0: Formal
        name: __self
        type: Test2
      block: Block
    feature2: Function
      name: @init
      type: Void
      block: Block
