TypeCheckerBad.jg:18:17: Interface function 'blarg' has a body
TypeCheckerBad.jg:18:5: Function 'blarg' must return a value
TypeCheckerBad.jg:27:5: Function 'blarg' has no body
TypeCheckerBad.jg:55:17: Expression does not conform to type 'Int'
TypeCheckerBad.jg:57:9: Duplicate definition of variable 'b'
TypeCheckerBad.jg:58:9: Duplicate definition of variable 'b'
TypeCheckerBad.jg:60:11: Undefined type 'Foo'
TypeCheckerBad.jg:63:44: Argument does not conform to type 'Int'
TypeCheckerBad.jg:63:21: Void value assigned to variable 'd'
TypeCheckerBad.jg:64:9: Duplicate definition of variable 'd'
TypeCheckerBad.jg:73:18: Expression does not conform to type 'Cycle1' in assignment of 'cycle1'
TypeCheckerBad.jg:74:17: Expression does not conform to type 'Type1' in assignment of 'type1'
TypeCheckerBad.jg:75:19: Expression does not conform to type 'Object1' in assignment of 'object1'
TypeCheckerBad.jg:80:9: Function 'missing' not found in class 'TypeCheckerBad'
TypeCheckerBad.jg:81:23: Argument does not conform to type 'Cycle1'
TypeCheckerBad.jg:83:23: Argument does not conform to type 'Cycle2'
TypeCheckerBad.jg:84:22: Argument does not conform to type 'Type1'
TypeCheckerBad.jg:89:9: Constructor called for interface type 'Cycle1'
TypeCheckerBad.jg:91:9: Too many arguments to function 'test_cycle1'
TypeCheckerBad.jg:92:9: Not enough arguments to function 'test_cycle1'
TypeCheckerBad.jg:94:17: Argument does not conform to type 'Type1'
TypeCheckerBad.jg:94:20: Argument does not conform to type 'Type1'
TypeCheckerBad.jg:97:12: Value types cannot be converted to 'Bool'
TypeCheckerBad.jg:98:12: Value types cannot be converted to 'Bool'
TypeCheckerBad.jg:99:12: Value types cannot be converted to 'Bool'
