По оживлённым берегам
Громады стройные теснятся
Дворцов и башен; корабли
Толпой со всех концов земли
К богатым пристаням стремятся;
21
25
24
27
30
132
