hello world
pass
hello
any
hello
any
true
false
true
true
hello
9
