scheme=http
user=mfichman
host=github.com
port=887
path=/test.xml
query=x=y
fragment=frag

scheme=http
user=
host=github.com
port=887
path=/test.xml
query=x=y
fragment=frag

scheme=http
user=mfichman
host=github.com
port=0
path=/test.xml
query=x=y
fragment=frag

scheme=http
user=
host=
port=0
path=/test.xml
query=x=y
fragment=frag

scheme=http
user=mfichman
host=github.com
port=887
path=
query=x=y
fragment=frag

scheme=http
user=mfichman
host=github.com
port=887
path=/test.xml
query=
fragment=frag

scheme=http
user=mfichman
host=github.com
port=887
path=/test.xml
query=x=y
fragment=

scheme=
user=mfichman
host=github.com
port=887
path=/test.xml
query=x=y
fragment=frag

scheme=
user=
host=
port=0
path=/path/to/something
query=
fragment=

