Usage: jogo [OPTIONS] FILE...

   -a, --assembly       Compile, but do not assemble or link.
   -c, --compile        Compile and assemble, but do not link.
   -e, --execute        Execute program as a script.
   -l, --library LIB    Compile and link with native library LIB.
   -o, --output FILE    Write compiler output to FILE.
   -i, --include DIR    Add the directory DIR to the search path.
   -m, --make           Compile input files and out-of-date dependencies.
   -h, --help           Print this help message.
   -v, --verbose        Print extra information during compilation.
   -g, --generator GEN  Use code generator GEN.
   --build-dir DIR      Output directory for object files.
   --dump-ir            Output the intermediate representation.
   --dump-ast           Output the abstract syntax tree.
   --dump-liveness      Output liveness info when printing the IR.
   --version            Print the compiler version number.

Usage: jogo [OPTIONS] FILE...

   -a, --assembly       Compile, but do not assemble or link.
   -c, --compile        Compile and assemble, but do not link.
   -e, --execute        Execute program as a script.
   -l, --library LIB    Compile and link with native library LIB.
   -o, --output FILE    Write compiler output to FILE.
   -i, --include DIR    Add the directory DIR to the search path.
   -m, --make           Compile input files and out-of-date dependencies.
   -h, --help           Print this help message.
   -v, --verbose        Print extra information during compilation.
   -g, --generator GEN  Use code generator GEN.
   --build-dir DIR      Output directory for object files.
   --dump-ir            Output the intermediate representation.
   --dump-ast           Output the abstract syntax tree.
   --dump-liveness      Output liveness info when printing the IR.
   --version            Print the compiler version number.

