Usage: ../bin/apollo [OPTIONS] FILE...

   -a, --assembly       Skip link stage and output assembly.
   -d, --dump FILE      Dump the AST to FILE.
   -h, --help           Print this help message.
   -l, --library FILE   Generate a shared library and write it to FILE.
   -o, --output FILE    Write compiler output to FILE.
   -p, --path DIR       Add the directory DIR to the source search path.

Usage: ../bin/apollo [OPTIONS] FILE...

   -a, --assembly       Skip link stage and output assembly.
   -d, --dump FILE      Dump the AST to FILE.
   -h, --help           Print this help message.
   -l, --library FILE   Generate a shared library and write it to FILE.
   -o, --output FILE    Write compiler output to FILE.
   -p, --path DIR       Add the directory DIR to the source search path.

