1 1 1
2 2 2
destroy 3 3 30
destroy obj
destroy 1 1 10
destroy 5 5 5
destroy obj
destroy 1 6 6
destroy 7 7 7
destroy obj
destroy 8 8 8
destroy 8 8 8
destroy obj
destroy 5 5 5
destroy obj
destroy 4 4 4
destroy 2 2 2
destroy obj
destroy 1 1 1
destroy obj
