dist
3
3
dist2
9
9
cross
(0, 0, 1)
(0, 0, -1)
(0, 1, 0)
(0, -1, 0)
(1, 0, 0)
(-1, 0, 0)
(0, 0, 0)
(0, 0, 0)
(0, 0, 0)
(0, 0, 0)
(0, 0, 0)
(0, 0, 0)
dot
(0, 0, 4)
(0, 0, -4)
(0, 4, 0)
(0, -4, 0)
(4, 0, 0)
(-4, 0, 0)
(0, 0, 0)
(0, 0, 0)
(0, 0, 0)
(0, 0, 0)
(0, 0, 0)
(0, 0, 0)
scale
(0.4, 0.8, 1.2)
len
3
0
len2
9
0
(3, 6, 9)
(-1, -2, -3)
